../Core/Src/main.c:133:6:DWT_Init	1
../Core/Src/main.c:140:6:delay_us	2
../Core/Src/main.c:147:6:UD_GPIO_Init	1
../Core/Src/main.c:161:6:ADC1_Init	1
../Core/Src/main.c:181:10:Read_ADC_Channel0	1
../Core/Src/main.c:194:6:USART1_Init	1
../Core/Src/main.c:209:6:USART1_Transmit	1
../Core/Src/main.c:214:6:ADG732_Init	1
../Core/Src/main.c:254:6:ADG732_SetAddress	1
../Core/Src/main.c:275:9:MapColumnIndex	4
../Core/Src/main.c:287:9:MapRowIndex	2
../Core/Src/main.c:296:6:ADG732_SelectChannel	42
../Core/Src/main.c:435:23:MapRowAddrForSide	4
../Core/Src/main.c:461:6:ADG732_SelectChannel2	11
../Core/Src/main.c:524:6:inside_for_loop	2
../Core/Src/main.c:547:6:Collect_Pressure_Readings	2
../Core/Src/main.c:556:6:Collect_Dummy_Pressure_Readings	5
../Core/Src/main.c:569:6:Transmit_Pressure_Readings	3
../Core/Src/main.c:580:6:Transmit_Pressure_Readings_atOnce	1
../Core/Src/main.c:593:6:Transmit_Pressure_Readings_RowChunks	2
../Core/Src/main.c:606:6:myPinToggle	1
../Core/Src/main.c:619:5:main	1
../Core/Src/main.c:687:6:SystemClock_Config	4
../Core/Src/main.c:734:13:MX_ADC1_Init	3
../Core/Src/main.c:781:13:MX_SPI1_Init	2
../Core/Src/main.c:818:13:MX_USART1_UART_Init	2
../Core/Src/main.c:851:13:MX_GPIO_Init	1
../Core/Src/main.c:878:6:HAL_SPI_TxRxCpltCallback	2
../Core/Src/main.c:906:6:Error_Handler	1
