../Core/Src/main.c:125:6:DWT_Init	4	static
../Core/Src/main.c:132:6:delay_us	24	static
../Core/Src/main.c:139:6:UD_GPIO_Init	32	static
../Core/Src/main.c:153:6:ADC1_Init	72	static
../Core/Src/main.c:173:10:Read_ADC_Channel0	64	static
../Core/Src/main.c:186:6:USART1_Init	16	static
../Core/Src/main.c:201:6:USART1_Transmit	16	static
../Core/Src/main.c:206:6:ADG732_Init	32	static
../Core/Src/main.c:235:6:ADG732_SetAddress	16	static
../Core/Src/main.c:244:9:MapColumnIndex	16	static
../Core/Src/main.c:256:9:MapRowIndex	16	static
../Core/Src/main.c:265:6:ADG732_SelectChannel	16	static
../Core/Src/main.c:342:6:Collect_Pressure_Readings	24	static
../Core/Src/main.c:358:6:Transmit_Pressure_Readings	80	static
../Core/Src/main.c:369:6:Transmit_Pressure_Readings_atOnce	8	static
../Core/Src/main.c:382:6:Transmit_Pressure_Readings_RowChunks	16	static
../Core/Src/main.c:395:6:myPinToggle	8	static
../Core/Src/main.c:408:5:main	8	static
../Core/Src/main.c:465:6:SystemClock_Config	88	static
../Core/Src/main.c:512:13:MX_ADC1_Init	24	static
../Core/Src/main.c:559:13:MX_USART1_UART_Init	8	static
../Core/Src/main.c:592:13:MX_GPIO_Init	16	static
../Core/Src/main.c:613:6:Error_Handler	4	static,ignoring_inline_asm
