../Core/Src/main.c:147:6:DWT_Init	1
../Core/Src/main.c:154:6:delay_us	2
../Core/Src/main.c:161:6:UD_GPIO_Init	1
../Core/Src/main.c:175:6:ADC1_Init	1
../Core/Src/main.c:195:10:Read_ADC_Channel0	1
../Core/Src/main.c:208:6:USART1_Init	1
../Core/Src/main.c:223:6:USART1_Transmit	1
../Core/Src/main.c:228:6:ADG732_Init	1
../Core/Src/main.c:268:6:ADG732_SetAddress	1
../Core/Src/main.c:289:9:MapColumnIndex	4
../Core/Src/main.c:301:9:MapRowIndex	2
../Core/Src/main.c:310:6:ADG732_SelectChannel	42
../Core/Src/main.c:449:23:MapRowAddrForSide	4
../Core/Src/main.c:475:6:ADG732_SelectChannel2	11
../Core/Src/main.c:538:6:inside_for_loop	2
../Core/Src/main.c:561:6:Collect_Pressure_Readings	2
../Core/Src/main.c:569:13:collect_into	3
../Core/Src/main.c:589:6:Collect_Dummy_Pressure_Readings	5
../Core/Src/main.c:602:6:Transmit_Pressure_Readings	3
../Core/Src/main.c:613:6:Transmit_Pressure_Readings_atOnce	1
../Core/Src/main.c:626:6:Transmit_Pressure_Readings_RowChunks	2
../Core/Src/main.c:639:6:myPinToggle	1
../Core/Src/main.c:652:5:main	1
../Core/Src/main.c:752:6:SystemClock_Config	4
../Core/Src/main.c:799:13:MX_ADC1_Init	3
../Core/Src/main.c:846:13:MX_SPI1_Init	2
../Core/Src/main.c:883:13:MX_USART1_UART_Init	2
../Core/Src/main.c:916:13:MX_GPIO_Init	1
../Core/Src/main.c:992:6:HAL_SPI_TxRxCpltCallback	3
../Core/Src/main.c:1014:6:Error_Handler	1
