../Core/Src/main.c:147:6:DWT_Init	4	static
../Core/Src/main.c:154:6:delay_us	24	static
../Core/Src/main.c:161:6:UD_GPIO_Init	32	static
../Core/Src/main.c:209:6:ADC1_Init	24	static
../Core/Src/main.c:228:10:Read_ADC_Channel0	16	static
../Core/Src/main.c:238:6:USART1_Init	16	static
../Core/Src/main.c:253:6:USART1_Transmit	16	static
../Core/Src/main.c:258:6:ADG732_Init	32	static
../Core/Src/main.c:298:6:ADG732_SetAddress	16	static
../Core/Src/main.c:319:9:MapColumnIndex	16	static
../Core/Src/main.c:331:9:MapRowIndex	16	static
../Core/Src/main.c:340:6:ADG732_SelectChannel	24	static
../Core/Src/main.c:479:23:MapRowAddrForSide	16	static
../Core/Src/main.c:505:6:ADG732_SelectChannel2	24	static
../Core/Src/main.c:568:6:inside_for_loop	24	static
../Core/Src/main.c:591:6:Collect_Pressure_Readings	16	static
../Core/Src/main.c:599:13:collect_into	24	static
../Core/Src/main.c:619:6:Collect_Dummy_Pressure_Readings	16	static
../Core/Src/main.c:632:6:Transmit_Pressure_Readings	80	static
../Core/Src/main.c:643:6:Transmit_Pressure_Readings_atOnce	8	static
../Core/Src/main.c:656:6:Transmit_Pressure_Readings_RowChunks	16	static
../Core/Src/main.c:669:6:myPinToggle	8	static
../Core/Src/main.c:682:5:main	8	static,ignoring_inline_asm
../Core/Src/main.c:782:6:SystemClock_Config	88	static
../Core/Src/main.c:829:13:MX_ADC1_Init	24	static
../Core/Src/main.c:876:13:MX_SPI1_Init	8	static
../Core/Src/main.c:913:13:MX_USART1_UART_Init	8	static
../Core/Src/main.c:946:13:MX_GPIO_Init	40	static
../Core/Src/main.c:1022:6:HAL_SPI_TxRxCpltCallback	24	static
../Core/Src/main.c:1044:6:Error_Handler	4	static,ignoring_inline_asm
