Drill report for GripForceMeasurementDeviceCkt_STM32F103C8T6.kicad_pcb
Created on 2025-05-29T23:44:36-0600

Copper Layer Stackup:
    =============================================================
    L1 :  F.Cu                      front
    L2 :  B.Cu                      back


Drill file 'GripForceMeasurementDeviceCkt_STM32F103C8T6-PTH.drl' contains
    plated through holes:
    =============================================================
    T1  0.200mm  0.0079"  (22 holes)
    T2  0.300mm  0.0118"  (132 holes)
    T3  0.500mm  0.0197"  (10 holes)
    T4  0.500mm  0.0197"  (4 holes)  (with 4 slots)
    T5  0.800mm  0.0315"  (7 holes)
    T6  1.000mm  0.0394"  (42 holes)

    Total plated holes count 217


Drill file 'GripForceMeasurementDeviceCkt_STM32F103C8T6-NPTH.drl' contains
    unplated through holes:
    =============================================================
    T1  0.650mm  0.0256"  (2 holes)  (with 1 slot)

    Total unplated holes count 2
